
========Testing 03=========

Allocating 102400 bytes.
Allocating 16 bytes.
Sync to device.
Sync to device.
Allocating 669124 bytes.
Sync to host.
Freeing 669124 bytes.
Allocating 240000 bytes.
Allocating 4 bytes.
Sync to host.
Sync to host.
Freeing 4 bytes.
Freeing 240000 bytes.
data: variables, objects, result_size, true result size, threshold
4096, 100, 10000, 10827, 11.811066
times: input, copy, random_trial_kernel, random_trial_copy, random_trial_process, main_kernel, main_copy, main_process, all
5411.1, 0.7, 2.4, 0.4, 28.1, 72.5, 0.6, 17.4, 5533.1
97.8, 0.0, 0.0, 0.0, 0.5, 1.3, 0.0, 0.3
Freeing 16 bytes.
Freeing 102400 bytes.
