
========Testing 03=========

Allocating 102400 bytes.
Allocating 13 bytes.
Sync to device.
Sync to device.
Allocating 669124 bytes.
Sync to host.
Freeing 669124 bytes.
Allocating 240000 bytes.
Allocating 4 bytes.
Sync to host.
Sync to host.
Freeing 4 bytes.
Freeing 240000 bytes.
data: variables, objects, result_size, true result size, threshold
4096, 100, 10000, 11509, 11.738022
times: input, copy, random_trial_kernel, random_trial_copy, random_trial_process, main_kernel, main_copy, main_process, all
5413.7, 0.6, 2.5, 0.3, 28.1, 71.7, 0.6, 18.5, 5536.0
97.8, 0.0, 0.0, 0.0, 0.5, 1.3, 0.0, 0.3
Freeing 13 bytes.
Freeing 102400 bytes.

========Testing 04a=========

Allocating 2048000 bytes.
Allocating 63 bytes.
Sync to device.
Sync to device.
Allocating 10732176 bytes.
Sync to host.
Freeing 10732176 bytes.
Allocating 240000 bytes.
Allocating 4 bytes.
Sync to host.
Sync to host.
Freeing 4 bytes.
Freeing 240000 bytes.
data: variables, objects, result_size, true result size, threshold
16384, 500, 10000, 10686, 17.749359
times: input, copy, random_trial_kernel, random_trial_copy, random_trial_process, main_kernel, main_copy, main_process, all
6924.0, 0.8, 77.3, 1.7, 542.1, 4620.5, 0.6, 17.9, 12184.9
56.8, 0.0, 0.6, 0.0, 4.4, 37.9, 0.0, 0.1
Freeing 63 bytes.
Freeing 2048000 bytes.

========Testing 05=========

Allocating 2500000 bytes.
Allocating 13 bytes.
Sync to device.
Sync to device.
Allocating 268435456 bytes.
Sync to host.
Freeing 268435456 bytes.
Allocating 240000 bytes.
Allocating 4 bytes.
Sync to host.
Sync to host.
Freeing 4 bytes.
Freeing 240000 bytes.
data: variables, objects, result_size, true result size, threshold
100000, 100, 10000, 10468, 20.135208
times: input, copy, random_trial_kernel, random_trial_copy, random_trial_process, main_kernel, main_copy, main_process, all
7055.8, 0.9, 522.6, 41.8, 15697.5, 35257.7, 0.6, 17.1, 58594.0
12.0, 0.0, 0.9, 0.1, 26.8, 60.2, 0.0, 0.0
Freeing 13 bytes.
Freeing 2500000 bytes.

========Testing 03a=========

Allocating 30720000 bytes.
Allocating 3750 bytes.
Sync to device.
Sync to device.
Allocating 669124 bytes.
Sync to host.
Freeing 669124 bytes.
Allocating 240000 bytes.
Allocating 4 bytes.
Sync to host.
Sync to host.
Freeing 4 bytes.
Freeing 240000 bytes.
data: variables, objects, result_size, true result size, threshold
4096, 30000, 10000, 10710, 13.869141
times: input, copy, random_trial_kernel, random_trial_copy, random_trial_process, main_kernel, main_copy, main_process, all
27324.6, 4.5, 250.4, 0.3, 26.3, 20447.6, 0.6, 17.0, 48071.3
56.8, 0.0, 0.5, 0.0, 0.1, 42.5, 0.0, 0.0
Freeing 3750 bytes.
Freeing 30720000 bytes.
