
========Testing 04a=========

Allocating 2048000 bytes.
Allocating 63 bytes.
Sync to device.
Sync to device.
Allocating 10732176 bytes.
Sync to host.
Freeing 10732176 bytes.
Allocating 240000 bytes.
Allocating 4 bytes.
Sync to host.
Sync to host.
Freeing 4 bytes.
Freeing 240000 bytes.
data: variables, objects, result_size, true result size, threshold
16384, 500, 10000, 10686, 17.749359
times: input, copy, random_trial_kernel, random_trial_copy, random_trial_process, main_kernel, main_copy, main_process, all
6851.2, 0.8, 109.8, 1.6, 541.6, 9203.1, 0.7, 17.9, 16726.7
41.0, 0.0, 0.7, 0.0, 3.2, 55.0, 0.0, 0.1
Freeing 63 bytes.
Freeing 2048000 bytes.

========Testing 03a=========

Allocating 30720000 bytes.
Allocating 3750 bytes.
Sync to device.
Sync to device.
Allocating 669124 bytes.
Sync to host.
Freeing 669124 bytes.
Allocating 240000 bytes.
Allocating 4 bytes.
Sync to host.
Sync to host.
Freeing 4 bytes.
Freeing 240000 bytes.
data: variables, objects, result_size, true result size, threshold
4096, 30000, 10000, 10688, 13.869141
times: input, copy, random_trial_kernel, random_trial_copy, random_trial_process, main_kernel, main_copy, main_process, all
26670.3, 4.5, 420.6, 0.3, 26.3, 43009.1, 0.7, 17.1, 70148.9
38.0, 0.0, 0.6, 0.0, 0.0, 61.3, 0.0, 0.0
Freeing 3750 bytes.
Freeing 30720000 bytes.
