
========Testing 03=========

Allocating 102400 bytes.
Allocating 13 bytes.
Sync to device.
Sync to device.
Allocating 669124 bytes.
Sync to host.
Freeing 669124 bytes.
Allocating 240000 bytes.
Allocating 4 bytes.
Sync to host.
Sync to host.
Freeing 4 bytes.
Freeing 240000 bytes.
data: variables, objects, result_size, true result size, threshold
4096, 100, 10000, 10575, 11.811066
times: input, copy, random_trial_kernel, random_trial_copy, random_trial_process, main_kernel, main_copy, main_process, all
5470.3, 0.7, 2.7, 0.4, 28.2, 85.8, 0.7, 15.6, 5604.3
97.6, 0.0, 0.0, 0.0, 0.5, 1.5, 0.0, 0.3
Freeing 13 bytes.
Freeing 102400 bytes.

========Testing 04a=========

Allocating 2048000 bytes.
Allocating 63 bytes.
Sync to device.
Sync to device.
Allocating 10732176 bytes.
Sync to host.
Freeing 10732176 bytes.
Allocating 240000 bytes.
Allocating 4 bytes.
Sync to host.
Sync to host.
Freeing 4 bytes.
Freeing 240000 bytes.
data: variables, objects, result_size, true result size, threshold
16384, 500, 10000, 10775, 17.742188
times: input, copy, random_trial_kernel, random_trial_copy, random_trial_process, main_kernel, main_copy, main_process, all
6895.0, 0.8, 83.2, 1.7, 541.7, 5470.5, 0.6, 16.2, 13009.8
53.0, 0.0, 0.6, 0.0, 4.2, 42.0, 0.0, 0.1
Freeing 63 bytes.
Freeing 2048000 bytes.

========Testing 05=========

Allocating 2500000 bytes.
Allocating 13 bytes.
Sync to device.
Sync to device.
Allocating 268435456 bytes.
Sync to host.
Freeing 268435456 bytes.
Allocating 240000 bytes.
Allocating 4 bytes.
Sync to host.
Sync to host.
Freeing 4 bytes.
Freeing 240000 bytes.
data: variables, objects, result_size, true result size, threshold
100000, 100, 10000, 10183, 20.135208
times: input, copy, random_trial_kernel, random_trial_copy, random_trial_process, main_kernel, main_copy, main_process, all
7012.8, 0.9, 557.6, 42.1, 15733.8, 42259.2, 0.7, 15.0, 65622.2
10.7, 0.0, 0.8, 0.1, 24.0, 64.4, 0.0, 0.0
Freeing 13 bytes.
Freeing 2500000 bytes.

========Testing 03a=========

Allocating 30720000 bytes.
Allocating 3750 bytes.
Sync to device.
Sync to device.
Allocating 669124 bytes.
Sync to host.
Freeing 669124 bytes.
Allocating 240000 bytes.
Allocating 4 bytes.
Sync to host.
Sync to host.
