
========Testing 04a=========

Allocating 2048000 bytes.
Allocating 63 bytes.
Sync to device.
Sync to device.
Allocating 10732176 bytes.
Sync to host.
Freeing 10732176 bytes.
Allocating 240000 bytes.
Allocating 4 bytes.
Sync to host.
Sync to host.
Freeing 4 bytes.
Freeing 240000 bytes.
data: variables, objects, result_size, true result size, threshold
16384, 500, 10000, 10911, -74.433357
times: input, copy, random_trial_kernel, random_trial_copy, random_trial_process, main_kernel, main_copy, main_process, all
6862.9, 0.9, 198.9, 1.7, 513.2, 12435.4, 0.7, 18.4, 20032.0
34.3, 0.0, 1.0, 0.0, 2.6, 62.1, 0.0, 0.1
Freeing 63 bytes.
Freeing 2048000 bytes.

========Testing 03a=========

Allocating 30720000 bytes.
Allocating 3750 bytes.
Sync to device.
Sync to device.
Allocating 669124 bytes.
Sync to host.
Freeing 669124 bytes.
Allocating 240000 bytes.
Allocating 4 bytes.
Sync to host.
Sync to host.
Freeing 4 bytes.
Freeing 240000 bytes.
data: variables, objects, result_size, true result size, threshold
4096, 30000, 10000, 4735, -6439.974121
times: input, copy, random_trial_kernel, random_trial_copy, random_trial_process, main_kernel, main_copy, main_process, all
30360.9, 4.5, 688.6, 0.4, 28.3, 47981.8, 0.7, 8.9, 79074.1
38.4, 0.0, 0.9, 0.0, 0.0, 60.7, 0.0, 0.0
Freeing 3750 bytes.
Freeing 30720000 bytes.
