
Testing 01
Allocating 800 bytes.
Allocating 13 bytes.
Sync to device.
Sync to device.
Allocating 36 bytes.
Sync to host.
Freeing 36 bytes.
Allocating 2400 bytes.
Allocating 4 bytes.
Sync to host.
Sync to host.
Freeing 4 bytes.
Freeing 2400 bytes.
data: variables, objects, result_size, true result size, threshold
32, 100, 100, 218, 2.433640
times: input, copy, random_trial_kernel, random_trial_copy, random_trial_process, main_kernel, main_copy, main_process, all
5414.5, 0.6, 0.5, 0.3, 0.0, 2.1, 0.8, 0.6, 5419.5
99.9, 0.0, 0.0, 0.0, 0.0, 0.0, 0.0, 0.0

Freeing 13 bytes.
Freeing 800 bytes.

Testing 02
Allocating 25600 bytes.
Allocating 13 bytes.
Sync to device.
Sync to device.
Allocating 41616 bytes.
Sync to host.
Freeing 41616 bytes.
Allocating 24000 bytes.
Allocating 4 bytes.
Sync to host.
Sync to host.
Freeing 4 bytes.
Freeing 24000 bytes.
data: variables, objects, result_size, true result size, threshold
1024, 100, 1000, 1506, 10.586769
times: input, copy, random_trial_kernel, random_trial_copy, random_trial_process, main_kernel, main_copy, main_process, all
5441.7, 0.6, 0.5, 0.3, 1.6, 10.5, 0.5, 2.5, 5458.3
99.7, 0.0, 0.0, 0.0, 0.0, 0.2, 0.0, 0.0

Freeing 13 bytes.
Freeing 25600 bytes.

Testing 03
Allocating 102400 bytes.
Allocating 13 bytes.
Sync to device.
Sync to device.
Allocating 669124 bytes.
Sync to host.
Freeing 669124 bytes.
Allocating 240000 bytes.
Allocating 4 bytes.
Sync to host.
Sync to host.
Freeing 4 bytes.
Freeing 240000 bytes.
data: variables, objects, result_size, true result size, threshold
4096, 100, 10000, 9442, 11.866386
times: input, copy, random_trial_kernel, random_trial_copy, random_trial_process, main_kernel, main_copy, main_process, all
5423.9, 0.7, 2.8, 0.4, 28.5, 124.0, 0.6, 15.2, 5596.1
96.9, 0.0, 0.1, 0.0, 0.5, 2.2, 0.0, 0.3

Freeing 13 bytes.
Freeing 102400 bytes.

Testing 04
Allocating 409600 bytes.
Allocating 13 bytes.
Sync to device.
Sync to device.
Allocating 10732176 bytes.
Sync to host.
Freeing 10732176 bytes.
Allocating 240000 bytes.
Allocating 4 bytes.
Sync to host.
Sync to host.
Freeing 4 bytes.
Freeing 240000 bytes.
data: variables, objects, result_size, true result size, threshold
16384, 100, 10000, 12127, 15.264061
times: input, copy, random_trial_kernel, random_trial_copy, random_trial_process, main_kernel, main_copy, main_process, all
5607.1, 0.7, 29.3, 1.6, 553.4, 1722.5, 0.6, 20.2, 7935.4
70.7, 0.0, 0.4, 0.0, 7.0, 21.7, 0.0, 0.3

Freeing 13 bytes.
Freeing 409600 bytes.

Testing 04a
Allocating 2048000 bytes.
Allocating 63 bytes.
Sync to device.
Sync to device.
Allocating 10732176 bytes.
Sync to host.
Freeing 10732176 bytes.
Allocating 240000 bytes.
Allocating 4 bytes.
Sync to host.
Sync to host.
Freeing 4 bytes.
Freeing 240000 bytes.
data: variables, objects, result_size, true result size, threshold
16384, 500, 10000, 11392, 17.665405
times: input, copy, random_trial_kernel, random_trial_copy, random_trial_process, main_kernel, main_copy, main_process, all
6761.4, 0.9, 198.8, 1.6, 545.5, 12825.1, 0.7, 19.3, 20353.2
33.2, 0.0, 1.0, 0.0, 2.7, 63.0, 0.0, 0.1

Freeing 63 bytes.
Freeing 2048000 bytes.

Testing 05
Allocating 2500000 bytes.
Allocating 13 bytes.
Sync to device.
Sync to device.
Allocating 400000000 bytes.
Sync to host.

Testing 06
Allocating 16777216 bytes.
Allocating 16 bytes.
Sync to device.
Sync to device.
Allocating -1890121152 bytes.
Sync to host.
Error an illegal memory access was encountered at line 113 in file ./../util.h

Testing 04b
Allocating 20480000 bytes.
Allocating 625 bytes.
Sync to device.
Sync to device.
Allocating 10732176 bytes.
Sync to host.
Freeing 10732176 bytes.
Allocating 240000 bytes.
Allocating 4 bytes.
Sync to host.
Sync to host.
Freeing 4 bytes.
Freeing 240000 bytes.
data: variables, objects, result_size, true result size, threshold
16384, 5000, 10000, 11725, 18.062988
times: input, copy, random_trial_kernel, random_trial_copy, random_trial_process, main_kernel, main_copy, main_process, all
21173.8, 3.2, 1464.6, 1.3, 496.4, 127501.3, 0.7, 19.6, 150660.8
14.1, 0.0, 1.0, 0.0, 0.3, 84.6, 0.0, 0.0

Freeing 625 bytes.
Freeing 20480000 bytes.
